// Jest Snapshot v1, https://goo.gl/fbAQLP

exports[`normal suite rendering should match snapshot 1`] = `
<div
  className="restaurantItem"
>
  Type: 
  testType
   
  <br />
  Name: 
  testName
  <br />
  <br />
</div>
`;
